------------------------------------------------------------
TimeQuest Timing Analyzer Summary
------------------------------------------------------------

Type  : Slow 1200mV 85C Model Setup 'p1|altpll_component|auto_generated|pll1|clk[0]'
Slack : -20.578
TNS   : -7912.254

Type  : Slow 1200mV 85C Model Setup 'CLOCK_50'
Slack : -17.963
TNS   : -3861.313

Type  : Slow 1200mV 85C Model Setup 'cpu:u9|clock_reg'
Slack : -16.124
TNS   : -15509.564

Type  : Slow 1200mV 85C Model Setup 'cpu:u9|bunsyuu_reg[4]'
Slack : -13.945
TNS   : -302.727

Type  : Slow 1200mV 85C Model Setup 'cpu:u9|bunsyuu_reg[3]'
Slack : -3.209
TNS   : -84.156

Type  : Slow 1200mV 85C Model Setup 'I2C_AV_Config:u3|mI2C_CTRL_CLK'
Slack : -2.450
TNS   : -99.263

Type  : Slow 1200mV 85C Model Setup 'AUDIO_DAC:u4|LRCK_1X'
Slack : -1.451
TNS   : -7.389

Type  : Slow 1200mV 85C Model Setup 'KEYBOARD_DEC:u6|keyboard_clk_filt'
Slack : -1.439
TNS   : -15.787

Type  : Slow 1200mV 85C Model Setup 'AUDIO_DAC:u4|oAUD_BCK'
Slack : -0.211
TNS   : -0.411

Type  : Slow 1200mV 85C Model Setup 'p1|altpll_component|auto_generated|pll1|clk[1]'
Slack : 1.158
TNS   : 0.000

Type  : Slow 1200mV 85C Model Hold 'p1|altpll_component|auto_generated|pll1|clk[1]'
Slack : -2.044
TNS   : -4.086

Type  : Slow 1200mV 85C Model Hold 'CLOCK_50'
Slack : -0.599
TNS   : -1.952

Type  : Slow 1200mV 85C Model Hold 'p1|altpll_component|auto_generated|pll1|clk[0]'
Slack : 0.373
TNS   : 0.000

Type  : Slow 1200mV 85C Model Hold 'I2C_AV_Config:u3|mI2C_CTRL_CLK'
Slack : 0.387
TNS   : 0.000

Type  : Slow 1200mV 85C Model Hold 'KEYBOARD_DEC:u6|keyboard_clk_filt'
Slack : 0.405
TNS   : 0.000

Type  : Slow 1200mV 85C Model Hold 'AUDIO_DAC:u4|oAUD_BCK'
Slack : 0.406
TNS   : 0.000

Type  : Slow 1200mV 85C Model Hold 'AUDIO_DAC:u4|LRCK_1X'
Slack : 0.527
TNS   : 0.000

Type  : Slow 1200mV 85C Model Hold 'cpu:u9|clock_reg'
Slack : 1.063
TNS   : 0.000

Type  : Slow 1200mV 85C Model Hold 'cpu:u9|bunsyuu_reg[3]'
Slack : 1.620
TNS   : 0.000

Type  : Slow 1200mV 85C Model Hold 'cpu:u9|bunsyuu_reg[4]'
Slack : 2.160
TNS   : 0.000

Type  : Slow 1200mV 85C Model Recovery 'p1|altpll_component|auto_generated|pll1|clk[1]'
Slack : -4.804
TNS   : -63.413

Type  : Slow 1200mV 85C Model Recovery 'p1|altpll_component|auto_generated|pll1|clk[0]'
Slack : -3.782
TNS   : -275.244

Type  : Slow 1200mV 85C Model Recovery 'AUDIO_DAC:u4|LRCK_1X'
Slack : -3.114
TNS   : -17.367

Type  : Slow 1200mV 85C Model Recovery 'AUDIO_DAC:u4|oAUD_BCK'
Slack : -3.095
TNS   : -12.380

Type  : Slow 1200mV 85C Model Recovery 'CLOCK_50'
Slack : -2.504
TNS   : -117.056

Type  : Slow 1200mV 85C Model Removal 'p1|altpll_component|auto_generated|pll1|clk[0]'
Slack : 1.822
TNS   : 0.000

Type  : Slow 1200mV 85C Model Removal 'CLOCK_50'
Slack : 2.444
TNS   : 0.000

Type  : Slow 1200mV 85C Model Removal 'AUDIO_DAC:u4|LRCK_1X'
Slack : 2.980
TNS   : 0.000

Type  : Slow 1200mV 85C Model Removal 'p1|altpll_component|auto_generated|pll1|clk[1]'
Slack : 3.246
TNS   : 0.000

Type  : Slow 1200mV 85C Model Removal 'AUDIO_DAC:u4|oAUD_BCK'
Slack : 3.418
TNS   : 0.000

Type  : Slow 1200mV 85C Model Minimum Pulse Width 'CLOCK_50'
Slack : -3.000
TNS   : -619.376

Type  : Slow 1200mV 85C Model Minimum Pulse Width 'cpu:u9|bunsyuu_reg[4]'
Slack : -2.693
TNS   : -150.808

Type  : Slow 1200mV 85C Model Minimum Pulse Width 'cpu:u9|bunsyuu_reg[3]'
Slack : -2.693
TNS   : -96.948

Type  : Slow 1200mV 85C Model Minimum Pulse Width 'cpu:u9|clock_reg'
Slack : -1.285
TNS   : -1313.270

Type  : Slow 1200mV 85C Model Minimum Pulse Width 'I2C_AV_Config:u3|mI2C_CTRL_CLK'
Slack : -1.285
TNS   : -74.530

Type  : Slow 1200mV 85C Model Minimum Pulse Width 'KEYBOARD_DEC:u6|keyboard_clk_filt'
Slack : -1.285
TNS   : -17.990

Type  : Slow 1200mV 85C Model Minimum Pulse Width 'AUDIO_DAC:u4|LRCK_1X'
Slack : -1.285
TNS   : -7.710

Type  : Slow 1200mV 85C Model Minimum Pulse Width 'AUDIO_DAC:u4|oAUD_BCK'
Slack : -1.285
TNS   : -5.140

Type  : Slow 1200mV 85C Model Minimum Pulse Width 'CLOCK2_50'
Slack : 9.818
TNS   : 0.000

Type  : Slow 1200mV 85C Model Minimum Pulse Width 'p1|altpll_component|auto_generated|pll1|clk[0]'
Slack : 19.690
TNS   : 0.000

Type  : Slow 1200mV 85C Model Minimum Pulse Width 'p1|altpll_component|auto_generated|pll1|clk[1]'
Slack : 27.479
TNS   : 0.000

Type  : Slow 1200mV 0C Model Setup 'p1|altpll_component|auto_generated|pll1|clk[0]'
Slack : -18.806
TNS   : -7200.388

Type  : Slow 1200mV 0C Model Setup 'CLOCK_50'
Slack : -16.424
TNS   : -3513.925

Type  : Slow 1200mV 0C Model Setup 'cpu:u9|clock_reg'
Slack : -14.810
TNS   : -14193.073

Type  : Slow 1200mV 0C Model Setup 'cpu:u9|bunsyuu_reg[4]'
Slack : -12.803
TNS   : -278.861

Type  : Slow 1200mV 0C Model Setup 'cpu:u9|bunsyuu_reg[3]'
Slack : -2.908
TNS   : -73.337

Type  : Slow 1200mV 0C Model Setup 'I2C_AV_Config:u3|mI2C_CTRL_CLK'
Slack : -2.090
TNS   : -84.868

Type  : Slow 1200mV 0C Model Setup 'KEYBOARD_DEC:u6|keyboard_clk_filt'
Slack : -1.240
TNS   : -12.998

Type  : Slow 1200mV 0C Model Setup 'AUDIO_DAC:u4|LRCK_1X'
Slack : -1.222
TNS   : -6.165

Type  : Slow 1200mV 0C Model Setup 'AUDIO_DAC:u4|oAUD_BCK'
Slack : -0.091
TNS   : -0.172

Type  : Slow 1200mV 0C Model Setup 'p1|altpll_component|auto_generated|pll1|clk[1]'
Slack : 1.092
TNS   : 0.000

Type  : Slow 1200mV 0C Model Hold 'p1|altpll_component|auto_generated|pll1|clk[1]'
Slack : -1.903
TNS   : -3.802

Type  : Slow 1200mV 0C Model Hold 'CLOCK_50'
Slack : -0.481
TNS   : -1.305

Type  : Slow 1200mV 0C Model Hold 'p1|altpll_component|auto_generated|pll1|clk[0]'
Slack : 0.338
TNS   : 0.000

Type  : Slow 1200mV 0C Model Hold 'I2C_AV_Config:u3|mI2C_CTRL_CLK'
Slack : 0.340
TNS   : 0.000

Type  : Slow 1200mV 0C Model Hold 'KEYBOARD_DEC:u6|keyboard_clk_filt'
Slack : 0.355
TNS   : 0.000

Type  : Slow 1200mV 0C Model Hold 'AUDIO_DAC:u4|oAUD_BCK'
Slack : 0.357
TNS   : 0.000

Type  : Slow 1200mV 0C Model Hold 'AUDIO_DAC:u4|LRCK_1X'
Slack : 0.490
TNS   : 0.000

Type  : Slow 1200mV 0C Model Hold 'cpu:u9|clock_reg'
Slack : 0.919
TNS   : 0.000

Type  : Slow 1200mV 0C Model Hold 'cpu:u9|bunsyuu_reg[3]'
Slack : 1.505
TNS   : 0.000

Type  : Slow 1200mV 0C Model Hold 'cpu:u9|bunsyuu_reg[4]'
Slack : 1.921
TNS   : 0.000

Type  : Slow 1200mV 0C Model Recovery 'p1|altpll_component|auto_generated|pll1|clk[1]'
Slack : -4.270
TNS   : -56.251

Type  : Slow 1200mV 0C Model Recovery 'p1|altpll_component|auto_generated|pll1|clk[0]'
Slack : -3.250
TNS   : -234.848

Type  : Slow 1200mV 0C Model Recovery 'AUDIO_DAC:u4|LRCK_1X'
Slack : -2.768
TNS   : -15.441

Type  : Slow 1200mV 0C Model Recovery 'AUDIO_DAC:u4|oAUD_BCK'
Slack : -2.751
TNS   : -11.004

Type  : Slow 1200mV 0C Model Recovery 'CLOCK_50'
Slack : -2.119
TNS   : -98.242

Type  : Slow 1200mV 0C Model Removal 'p1|altpll_component|auto_generated|pll1|clk[0]'
Slack : 1.652
TNS   : 0.000

Type  : Slow 1200mV 0C Model Removal 'CLOCK_50'
Slack : 2.177
TNS   : 0.000

Type  : Slow 1200mV 0C Model Removal 'AUDIO_DAC:u4|LRCK_1X'
Slack : 2.772
TNS   : 0.000

Type  : Slow 1200mV 0C Model Removal 'p1|altpll_component|auto_generated|pll1|clk[1]'
Slack : 2.876
TNS   : 0.000

Type  : Slow 1200mV 0C Model Removal 'AUDIO_DAC:u4|oAUD_BCK'
Slack : 3.159
TNS   : 0.000

Type  : Slow 1200mV 0C Model Minimum Pulse Width 'CLOCK_50'
Slack : -3.000
TNS   : -619.068

Type  : Slow 1200mV 0C Model Minimum Pulse Width 'cpu:u9|bunsyuu_reg[4]'
Slack : -2.649
TNS   : -148.344

Type  : Slow 1200mV 0C Model Minimum Pulse Width 'cpu:u9|bunsyuu_reg[3]'
Slack : -2.649
TNS   : -95.364

Type  : Slow 1200mV 0C Model Minimum Pulse Width 'cpu:u9|clock_reg'
Slack : -1.285
TNS   : -1313.270

Type  : Slow 1200mV 0C Model Minimum Pulse Width 'I2C_AV_Config:u3|mI2C_CTRL_CLK'
Slack : -1.285
TNS   : -74.530

Type  : Slow 1200mV 0C Model Minimum Pulse Width 'KEYBOARD_DEC:u6|keyboard_clk_filt'
Slack : -1.285
TNS   : -17.990

Type  : Slow 1200mV 0C Model Minimum Pulse Width 'AUDIO_DAC:u4|LRCK_1X'
Slack : -1.285
TNS   : -7.710

Type  : Slow 1200mV 0C Model Minimum Pulse Width 'AUDIO_DAC:u4|oAUD_BCK'
Slack : -1.285
TNS   : -5.140

Type  : Slow 1200mV 0C Model Minimum Pulse Width 'CLOCK2_50'
Slack : 9.828
TNS   : 0.000

Type  : Slow 1200mV 0C Model Minimum Pulse Width 'p1|altpll_component|auto_generated|pll1|clk[0]'
Slack : 19.682
TNS   : 0.000

Type  : Slow 1200mV 0C Model Minimum Pulse Width 'p1|altpll_component|auto_generated|pll1|clk[1]'
Slack : 27.466
TNS   : 0.000

Type  : Fast 1200mV 0C Model Setup 'p1|altpll_component|auto_generated|pll1|clk[0]'
Slack : -10.109
TNS   : -3886.538

Type  : Fast 1200mV 0C Model Setup 'CLOCK_50'
Slack : -8.764
TNS   : -1763.312

Type  : Fast 1200mV 0C Model Setup 'cpu:u9|clock_reg'
Slack : -8.030
TNS   : -7531.572

Type  : Fast 1200mV 0C Model Setup 'cpu:u9|bunsyuu_reg[4]'
Slack : -6.729
TNS   : -123.635

Type  : Fast 1200mV 0C Model Setup 'cpu:u9|bunsyuu_reg[3]'
Slack : -1.111
TNS   : -15.230

Type  : Fast 1200mV 0C Model Setup 'I2C_AV_Config:u3|mI2C_CTRL_CLK'
Slack : -0.710
TNS   : -18.672

Type  : Fast 1200mV 0C Model Setup 'KEYBOARD_DEC:u6|keyboard_clk_filt'
Slack : -0.197
TNS   : -0.933

Type  : Fast 1200mV 0C Model Setup 'AUDIO_DAC:u4|LRCK_1X'
Slack : -0.173
TNS   : -0.519

Type  : Fast 1200mV 0C Model Setup 'AUDIO_DAC:u4|oAUD_BCK'
Slack : 0.403
TNS   : 0.000

Type  : Fast 1200mV 0C Model Setup 'p1|altpll_component|auto_generated|pll1|clk[1]'
Slack : 0.489
TNS   : 0.000

Type  : Fast 1200mV 0C Model Hold 'p1|altpll_component|auto_generated|pll1|clk[1]'
Slack : -1.030
TNS   : -2.058

Type  : Fast 1200mV 0C Model Hold 'CLOCK_50'
Slack : -0.401
TNS   : -2.236

Type  : Fast 1200mV 0C Model Hold 'p1|altpll_component|auto_generated|pll1|clk[0]'
Slack : 0.154
TNS   : 0.000

Type  : Fast 1200mV 0C Model Hold 'I2C_AV_Config:u3|mI2C_CTRL_CLK'
Slack : 0.174
TNS   : 0.000

Type  : Fast 1200mV 0C Model Hold 'KEYBOARD_DEC:u6|keyboard_clk_filt'
Slack : 0.179
TNS   : 0.000

Type  : Fast 1200mV 0C Model Hold 'AUDIO_DAC:u4|oAUD_BCK'
Slack : 0.180
TNS   : 0.000

Type  : Fast 1200mV 0C Model Hold 'AUDIO_DAC:u4|LRCK_1X'
Slack : 0.214
TNS   : 0.000

Type  : Fast 1200mV 0C Model Hold 'cpu:u9|clock_reg'
Slack : 0.551
TNS   : 0.000

Type  : Fast 1200mV 0C Model Hold 'cpu:u9|bunsyuu_reg[3]'
Slack : 0.639
TNS   : 0.000

Type  : Fast 1200mV 0C Model Hold 'cpu:u9|bunsyuu_reg[4]'
Slack : 0.949
TNS   : 0.000

Type  : Fast 1200mV 0C Model Recovery 'p1|altpll_component|auto_generated|pll1|clk[1]'
Slack : -2.664
TNS   : -35.466

Type  : Fast 1200mV 0C Model Recovery 'p1|altpll_component|auto_generated|pll1|clk[0]'
Slack : -1.657
TNS   : -119.645

Type  : Fast 1200mV 0C Model Recovery 'AUDIO_DAC:u4|LRCK_1X'
Slack : -1.363
TNS   : -7.491

Type  : Fast 1200mV 0C Model Recovery 'AUDIO_DAC:u4|oAUD_BCK'
Slack : -1.351
TNS   : -5.404

Type  : Fast 1200mV 0C Model Recovery 'CLOCK_50'
Slack : -0.884
TNS   : -40.105

Type  : Fast 1200mV 0C Model Removal 'p1|altpll_component|auto_generated|pll1|clk[0]'
Slack : 0.864
TNS   : 0.000

Type  : Fast 1200mV 0C Model Removal 'CLOCK_50'
Slack : 1.311
TNS   : 0.000

Type  : Fast 1200mV 0C Model Removal 'AUDIO_DAC:u4|LRCK_1X'
Slack : 1.702
TNS   : 0.000

Type  : Fast 1200mV 0C Model Removal 'p1|altpll_component|auto_generated|pll1|clk[1]'
Slack : 1.740
TNS   : 0.000

Type  : Fast 1200mV 0C Model Removal 'AUDIO_DAC:u4|oAUD_BCK'
Slack : 1.928
TNS   : 0.000

Type  : Fast 1200mV 0C Model Minimum Pulse Width 'CLOCK_50'
Slack : -3.000
TNS   : -614.862

Type  : Fast 1200mV 0C Model Minimum Pulse Width 'cpu:u9|clock_reg'
Slack : -1.000
TNS   : -1022.000

Type  : Fast 1200mV 0C Model Minimum Pulse Width 'I2C_AV_Config:u3|mI2C_CTRL_CLK'
Slack : -1.000
TNS   : -58.000

Type  : Fast 1200mV 0C Model Minimum Pulse Width 'cpu:u9|bunsyuu_reg[4]'
Slack : -1.000
TNS   : -56.000

Type  : Fast 1200mV 0C Model Minimum Pulse Width 'cpu:u9|bunsyuu_reg[3]'
Slack : -1.000
TNS   : -36.000

Type  : Fast 1200mV 0C Model Minimum Pulse Width 'KEYBOARD_DEC:u6|keyboard_clk_filt'
Slack : -1.000
TNS   : -14.000

Type  : Fast 1200mV 0C Model Minimum Pulse Width 'AUDIO_DAC:u4|LRCK_1X'
Slack : -1.000
TNS   : -6.000

Type  : Fast 1200mV 0C Model Minimum Pulse Width 'AUDIO_DAC:u4|oAUD_BCK'
Slack : -1.000
TNS   : -4.000

Type  : Fast 1200mV 0C Model Minimum Pulse Width 'CLOCK2_50'
Slack : 9.432
TNS   : 0.000

Type  : Fast 1200mV 0C Model Minimum Pulse Width 'p1|altpll_component|auto_generated|pll1|clk[0]'
Slack : 19.757
TNS   : 0.000

Type  : Fast 1200mV 0C Model Minimum Pulse Width 'p1|altpll_component|auto_generated|pll1|clk[1]'
Slack : 27.551
TNS   : 0.000

------------------------------------------------------------
